╔╤╤╤╤╤╤╤╤╤╤╤╤╤╤╤╤╤╗      【 五子棋遊戲 V2.00 】  02/24/96
╟┼┼┼┼┼┼┼┼┼┼┼┼┼┼┼┼┼╢█    作者：蕭榕里.謝.謝.您.的.使.用.!
╟┼┼⊕┼┼┼┼┼┼┼┼┼┼┼┼┼┼╢█    ████████████████
╟┼┼┼┼┼┼┼┼┼┼┼┼┼┼┼┼┼╢█                              
╟┼┼┼┼┼┼┼┼┼┼┼┼┼┼┼┼┼╢█    ╭─── 『遊戲說明』 ────╮
╟┼┼┼┼┼┼┼┼┼┼┼┼┼┼┼┼┼╢█    │--==.祝.您.玩.的.愉.快.!==--│█
╟┼┼┼┼┼┼┼┼┼┼┼┼┼┼┼┼┼╢█    │這是一個老少咸宜的遊戲：    │█
╟┼┼┼┼┼┼┼┼┼┼┼┼┼┼┼┼┼╢█    │它很簡單容易玩，您只需要輕壓│█
╟┼┼┼┼┼┼┼┼┼┼┼┼┼┼┼┼┼╢█    │『方向鍵』移動游標，移到您要│█
╟┼┼┼┼┼┼┼┼┼┼┼┼┼┼┼┼┼╢█    │下子的地方，輕壓一下『空白鍵│█
╟┼┼┼┼┼┼┼┼┼┼┼┼┼┼┼┼┼╢█    │』或『ENTER鍵』即可下子！   │█
╟┼┼┼┼┼┼┼┼┼┼┼┼┼┼┼┼┼╢█    │五個棋子連成一線就贏了！    │█
╟┼┼┼┼┼┼┼┼┼┼┼┼┼┼┼┼┼╢█    │▁▂▃ 特殊功能鍵說明 ▃▂▁│█
╟┼┼┼┼┼┼┼┼┼┼┼┼┼┼┼┼┼╢█    │                            │█
╟┼┼┼┼┼┼┼┼┼┼┼┼┼┼┼┼┼╢█    │ [Q] 離開本程式             │█
╟┼┼┼┼┼┼┼┼┼┼┼┼┼┼┼┼┼╢█    │ [R] 重新開始               │█
╟┼┼┼┼┼┼┼┼┼┼┼┼┼┼┼┼┼╢█    │                            │█
╟┼┼┼┼┼┼┼┼┼┼┼┼┼┼┼┼┼╢█    │▇▆▅▄▃▂▁▁▂▃▄▅▆▇│█
╚╧╧╧╧╧╧╧╧╧╧╧╧╧╧╧╧╧╝█    ╰──────────────╯█
  ▁▁▁▁▁▁▁▁▁▁▁▁▁▁▁▁▁▁▁      ▁▁▁▁▁▁▁▁▁▁▁▁▁▁▁▁
現在請『黑方』下子．

